---
namespace: Compile
expectation: Pass
outputs:
  - circuit:
      num_public_variables: 0
      num_private_variables: 3
      num_constraints: 3
      at: 83b1bd5868cfd70d986276428ff81a9120e0848a6f44d7bd6d5a25d6063c7669
      bt: 5a01b0726c5b948a3b336179b77081865f51dc2f1de630ce95b03424a5ae7998
      ct: 7ca43d5c34997f3c866631161cb33186cc016972238c07771ae105ca1b05320d
    output:
      - input_file: input/basic.in
        output:
          registers:
            b:
              type: bool
              value: "true"
    initial_ast: 2e0d03e2ad668ec5149102d0f9de870d0b3d263fb5c460471db913b5c15e153b
    canonicalized_ast: 2e0d03e2ad668ec5149102d0f9de870d0b3d263fb5c460471db913b5c15e153b
    type_inferenced_ast: ab37500c6660ca13113fe642160046179b9713d848ab712cd1c57b6e82ac7916
