---
namespace: Compile
expectation: Pass
outputs:
  - circuit:
      num_public_variables: 0
      num_private_variables: 1023
      num_constraints: 1023
      at: 278a8c597ed67e116cc48c47a1562d13c8f44f0d3d4b6b5e32772fddd0030a74
      bt: 237d059231a317253c171aeef490039b72d3b47dbaf95aba5648c9c46581f080
      ct: 88c5ce74e34d546286a456cc2945c4a58b5c73402d4405c5b72e7b7d65450971
    ir:
      - "decl f0: <0>"
      - "  store &v1, ((v0), (), (), ())"
      - "  store &v3, aleo1qnr4dkkvkgfqph0vzc3y6z2eu975wnpz2925ntjccd5cfqxtyu8sta57j8"
      - "  store &v4, aleo18qgam03qe483tdrcc3fkqwpp38ehff4a2xma6lu7hams6lfpgcpq3dq05r"
      - "  eq &v5, v2, aleo1qnr4dkkvkgfqph0vzc3y6z2eu975wnpz2925ntjccd5cfqxtyu8sta57j8"
      - "  eq &v6, aleo18qgam03qe483tdrcc3fkqwpp38ehff4a2xma6lu7hams6lfpgcpq3dq05r, v2"
      - "  eq &v7, aleo1qnr4dkkvkgfqph0vzc3y6z2eu975wnpz2925ntjccd5cfqxtyu8sta57j8, v2"
      - "  pick &v8, v5, v6, v7"
      - "  retn v8"
      - ""
    output:
      - input_file: inputs/address1.in
        output:
          registers:
            a:
              type: bool
              value: "false"
      - input_file: inputs/address2.in
        output:
          registers:
            a:
              type: bool
              value: "false"
    initial_ast: 1f5576dce170f8513512e0a21537f5c1ae1c5e3903a2e1cbe17d4f10e8be5101
    imports_resolved_ast: a9031ab5446b1003cace4365295593d991db116b88120a3abeab3b2c1426ae69
    canonicalized_ast: a9031ab5446b1003cace4365295593d991db116b88120a3abeab3b2c1426ae69
    type_inferenced_ast: b7aa1ed574766e42d00a52bba8d7a024d23569a3b561c5320d96ee9d4a6d9655
