---
namespace: Compile
expectation: Pass
outputs:
  - circuit:
      num_public_variables: 0
      num_private_variables: 2
      num_constraints: 2
      at: 401937c524c61a28b4fab76d7a1f85bb628850012af62362a0922610372faf92
      bt: cdf9a9cee4f2edf55111a95ae60bde9801080f6bde638a5c79273a39a2f9f7f5
      ct: 643d5437104296e21d906ecb15b2c96ad278f20cfc4af53b12bb6069bd853726
    ir:
      - "decl f0: <0>"
      - "  store &v1, ((v0), (), (), ())"
      - "  store &v3, ['a', 'b', 'c']"
      - "  call &v4, f1, v3"
      - "  eq &v5, v4, 'a'"
      - "  eq &v6, v5, v2"
      - "  retn v6"
      - "decl f1: <7>"
      - "  aget &v8, v7, 0"
      - "  retn v8"
      - ""
    output:
      - input_file: input/dummy.in
        output:
          registers:
            r0:
              type: bool
              value: "true"
    initial_ast: 328287bc864dbc8d19ee49a0266a1ccea3fa3046ddbabff819d3e066c09069eb
    imports_resolved_ast: ec57408f9f8934c60b42d31fbda61371140b6fa0e0d452825ed9f231cfdd21b1
    canonicalized_ast: cb9998256cf3745eda9379fce39742ed3e3ea8559342f3d9fb6da03d662b7520
    type_inferenced_ast: 533319aec227d0cc582ac45f4511c8021dcef1e06e9e0063cea99e68b4201ce7
