---
namespace: Compile
expectation: Pass
outputs:
  - circuit:
      num_public_variables: 0
      num_private_variables: 64
      num_constraints: 64
      at: 01c6d80e52a839ef0568eb639fa4b0cd7d13abd89a265059b410ff06e8ff35e7
      bt: 91281531f241a4c0daae73a6065b7bb9c02b3924eb2af9cad3ed8d553ae7e7db
      ct: 701ed4acc0b3bbd4f42ddb3b311377c3cf3dcb69c8ca8cb0124a8e3a21dc0568
    ir:
      - "decl f0: <0>"
      - "  store &v1, ((v0), (), (), ())"
      - "  eq &v4, v2, v3"
      - "  retn v4"
      - ""
    output:
      - input_file: u16_g.in
        output:
          registers:
            r0:
              type: bool
              value: "true"
    initial_ast: 6f8008044fb1db910c0d837bff48cb8954c2e3f5b6aaa7dff3d3c87d53aeff86
    imports_resolved_ast: e9af904d3bbf2077ba0382e8c15bf2fdf7427f5be952c93b2d7cb9f2d4c096a0
    canonicalized_ast: e9af904d3bbf2077ba0382e8c15bf2fdf7427f5be952c93b2d7cb9f2d4c096a0
    type_inferenced_ast: 34abb14c579092b2f9b4fc2dd73709d4482254e956b21f9cc2c8d5d87b2b6c01
