---
namespace: Compile
expectation: Pass
outputs:
  - circuit:
      num_public_variables: 0
      num_private_variables: 66
      num_constraints: 66
      at: 31de4c354f0fffe290403b67743a9fbdc4e9ed03a9abb79b71e63bcf00796c41
      bt: 523d72d379751dfd98c35c368e92ffe62ebcfa139e2c95a7ec2f0bd64031d807
      ct: b522ae835602f418c223e8987424c0b34eda5bcb4a51d511fdeba8fd8f653e5b
    ir:
      - "decl f0: <0>"
      - "  store &v1, ((v0), (), (), ())"
      - "  ne &v5, v2, v3"
      - "  eq &v6, v5, v4"
      - "  retn v6"
      - ""
    output:
      - input_file: ne.in
        output:
          registers:
            r0:
              type: bool
              value: "true"
    initial_ast: ae967c8773a27d877ed359f8fbd1f7bc0dc814d96669aff92cfe3eb69f733748
    imports_resolved_ast: eeec27b40a6516b13ea13d9f78241292887de2bf7fd6443e078f4c4288b0741f
    canonicalized_ast: eeec27b40a6516b13ea13d9f78241292887de2bf7fd6443e078f4c4288b0741f
    type_inferenced_ast: dac1f0b6c48428427465f5c51beac53b51104d16e328251a57089e5c53043342
