---
namespace: Compile
expectation: Pass
outputs:
  - circuit:
      num_public_variables: 0
      num_private_variables: 113
      num_constraints: 129
      at: be130f168a74eee3a84d691483e18bb502f9ea108babca54e87cffa327a33a50
      bt: 8336592f28d013d9a969a0a7320a1bb5421e930a71fbd5b2ade9cf9191b4b1c0
      ct: 2c83085a67ced9156bd6a40f7b888ef5aa8b4c7dde22d0bbf273f197c90fa22f
    ir:
      - "decl f0: <0>"
      - "  store &v1, ((v0), (), (), ())"
      - "  pick &v6, v2, v3, v4"
      - "  store &v7, v6"
      - "  eq &v8, v7, v5"
      - "  retn v8"
      - ""
    output:
      - input_file: u16_t.in
        output:
          registers:
            r0:
              type: bool
              value: "true"
      - input_file: u16_f.in
        output:
          registers:
            r0:
              type: bool
              value: "true"
    initial_ast: 65706345d9e31ecf07a190c99af792006c92cf7edac8c1152e81c3c81caed020
    imports_resolved_ast: 2469ad33a8aabfc71e41d522f8a6122e1d8936344d6166708cf3faac59923a71
    canonicalized_ast: 2469ad33a8aabfc71e41d522f8a6122e1d8936344d6166708cf3faac59923a71
    type_inferenced_ast: 4e3b39a32791fc1b6c9efb2f24a5d7e10b925a8487e04b5a83eb23459ab2d712
