---
namespace: Compile
expectation: Pass
outputs:
  - circuit:
      num_public_variables: 0
      num_private_variables: 2
      num_constraints: 2
      at: 401937c524c61a28b4fab76d7a1f85bb628850012af62362a0922610372faf92
      bt: cdf9a9cee4f2edf55111a95ae60bde9801080f6bde638a5c79273a39a2f9f7f5
      ct: 643d5437104296e21d906ecb15b2c96ad278f20cfc4af53b12bb6069bd853726
    ir:
      - "decl f0: <0>"
      - "  store &v1, ((v0), (), (), ())"
      - "  store &v3, 340282366920938463463374607431768211455"
      - "  eq &v4, v2, true"
      - "  retn v4"
      - ""
    output:
      - input_file: "../input/dummy.in"
        output:
          registers:
            r0:
              type: bool
              value: "true"
    initial_ast: 6d71a29b2a1bef6d0cc7631ca2da38381cd239b22e9539fb7be20434623cdcd6
    imports_resolved_ast: 921cefd79d537fc4f896591e64d7aeb7384ea8f800df1e23440346f4621192b4
    canonicalized_ast: 921cefd79d537fc4f896591e64d7aeb7384ea8f800df1e23440346f4621192b4
    type_inferenced_ast: 86c19f4b90f063f2e5f2cedfe2029e93c78f665626c680340ac05592140eef9c
