---
namespace: Compile
expectation: Pass
outputs:
  - circuit:
      num_public_variables: 0
      num_private_variables: 50432
      num_constraints: 66945
      at: 4636947cb24072f3a4963d222f4f53cfa9e23b69b2bda5cfde2d7e077b53993a
      bt: f97bd7959dcdb5ba25f65126b1a0551ef894ff042aa746492a979fd787d8e073
      ct: 6874f0d801785146e6deb0896481ec70d78e07eac220810f49f343fa7131e2de
    ir:
      - "decl f0: <0>"
      - "  store &v1, ((v0), (), (), ())"
      - "  mul &v5, v2, v3"
      - "  eq &v6, v5, v4"
      - "  retn v6"
      - ""
    output:
      - input_file: mul.in
        output:
          registers:
            r0:
              type: bool
              value: "false"
    initial_ast: c2fbef22d863e548cafab967ad2ce45156d8c6d55cff3900817062f72bf3d97b
    imports_resolved_ast: ce3ec3ce09fe6a00f26405b85d82d63d1b6a5b5c09d28d600c19ab43ce7afc43
    canonicalized_ast: ce3ec3ce09fe6a00f26405b85d82d63d1b6a5b5c09d28d600c19ab43ce7afc43
    type_inferenced_ast: 6622657bd5b0591bfacc1041ea1c32ba6bb742cec27f4a7b06f2ea1160fc3dca
