---
namespace: Compile
expectation: Pass
outputs:
  - circuit:
      num_public_variables: 0
      num_private_variables: 114
      num_constraints: 114
      at: 4d1b1a35e50bafb5d4dce22ff150bb84533d9271a10683c82c4a9af7bb7a9b68
      bt: ab05975054ad7ac3da170ffbff7b71ce84d40d4da6c9377b4679efbb8ff83d86
      ct: 1e1930b0bfcd18365697cc1922dc88913f6dcbdc4dc9ed5cf6c7d5369433f722
    ir:
      - "decl f0: <0>"
      - "  store &v1, ((v0), (), (), ())"
      - "  le &v5, v2, v3"
      - "  eq &v6, v5, v4"
      - "  retn v6"
      - ""
    output:
      - input_file: i16_l.in
        output:
          registers:
            r0:
              type: bool
              value: "true"
      - input_file: i16_e.in
        output:
          registers:
            r0:
              type: bool
              value: "true"
    initial_ast: 879a9ee0070132f721b6ca72c437f7add99b53c8b3202fb65729a7d7c8583fdd
    imports_resolved_ast: 6dfb28a1809f993d7589bd0ae374c9fef34f92a753292565f77c4c5ba57e25fa
    canonicalized_ast: 6dfb28a1809f993d7589bd0ae374c9fef34f92a753292565f77c4c5ba57e25fa
    type_inferenced_ast: 7ae7b4312047a3c0039e4d6909de498e83e85df16e132bd639bfd141ca682b96
