---
namespace: Compile
expectation: Pass
outputs:
  - circuit:
      num_public_variables: 0
      num_private_variables: 2
      num_constraints: 2
      at: 401937c524c61a28b4fab76d7a1f85bb628850012af62362a0922610372faf92
      bt: cdf9a9cee4f2edf55111a95ae60bde9801080f6bde638a5c79273a39a2f9f7f5
      ct: 643d5437104296e21d906ecb15b2c96ad278f20cfc4af53b12bb6069bd853726
    ir:
      - "decl f0: <0>"
      - "  store &v1, ((v0), (), (), ())"
      - "  store &v3, -32768"
      - "  eq &v4, v2, true"
      - "  retn v4"
      - ""
    output:
      - input_file: "../input/dummy.in"
        output:
          registers:
            r0:
              type: bool
              value: "true"
    initial_ast: 9f724697305511459df4b6b13ad7b2bb2947a1f09592f470f96615a1f591d41a
    imports_resolved_ast: deede9550d52cc7101626f63fc18dae2789f61a36a7ae92c9d53995207996d60
    canonicalized_ast: deede9550d52cc7101626f63fc18dae2789f61a36a7ae92c9d53995207996d60
    type_inferenced_ast: d2c61365797644ffdba4c37d804d8c1baa7df304d8c737bf5bf2aa70b8b17844
