---
namespace: Compile
expectation: Pass
outputs:
  - circuit:
      num_public_variables: 0
      num_private_variables: 4
      num_constraints: 4
      at: ba65c8c85d676559099b1e0b0b0409fc2af441050591ecbbdd00319fd879f941
      bt: 89fc68aab179f6cf1f33e0e9313f7d7e73fcb89048e3bc03c14705b1686ae2bb
      ct: 210e130878aabaf46f1fe72749a263f9eb71c6a262b80f13882ed08d472c0ecd
    ir:
      - "decl f0: <0>"
      - "  store &v2, ((v0, v1), (), (), ())"
      - "  store &v4, (true, false)"
      - "  retn (true, false)"
      - ""
    output:
      - input_file: inputs/true_true.in
        output:
          registers:
            b:
              type: bool
              value: "true"
            c:
              type: bool
              value: "false"
    initial_ast: 9b02de872abffad5e6288a7074979154a864851dc34c3a318a175e2537f54a4a
    imports_resolved_ast: d2f376c474b53232425b206c14e9bc4c33790be152cd08adeb4e0a5bfe6f6710
    canonicalized_ast: d2f376c474b53232425b206c14e9bc4c33790be152cd08adeb4e0a5bfe6f6710
    type_inferenced_ast: 90aebe1df57a19361a52d4ed2a65bce60748ec6d2fcc7158a48154775554c2a9
