---
namespace: Compile
expectation: Pass
outputs:
  - circuit:
      num_public_variables: 0
      num_private_variables: 264821
      num_constraints: 330869
      at: 667de6434fb9c8c99f4805993ac18f0065e8d8133147ea33ad0ede3ae6e86903
      bt: f8f67d095538f76ab156cab6cea435d9f7ddbe2df84526d549d7c921aa6ae778
      ct: 92967c3133a762eff80408fadbe1b3c567996cd304b1eb8456155000b9c9d11c
    ir:
      - "decl f0: <0>"
      - "  store &v1, ((v0), (), (), ())"
      - "  div &v5, v2, v3"
      - "  eq &v6, v5, v4"
      - "  retn v6"
      - ""
    output:
      - input_file: i128.in
        output:
          registers:
            r0:
              type: bool
              value: "true"
    initial_ast: 4ca1ad3919d497a3068476e536f2fc9ef4510ffb4b6b934d56ec54e23d201773
    imports_resolved_ast: 446d1a083fa971f81728c5426ecf0b929d647468c87192095a01ad13f3bd0293
    canonicalized_ast: 446d1a083fa971f81728c5426ecf0b929d647468c87192095a01ad13f3bd0293
    type_inferenced_ast: f2970236c0574597f0dac2ab6e262162e6f6e4883321f7ffe8f99e632325ea05
