---
namespace: Compile
expectation: Pass
outputs:
  - circuit:
      num_public_variables: 0
      num_private_variables: 2
      num_constraints: 2
      at: 401937c524c61a28b4fab76d7a1f85bb628850012af62362a0922610372faf92
      bt: cdf9a9cee4f2edf55111a95ae60bde9801080f6bde638a5c79273a39a2f9f7f5
      ct: 643d5437104296e21d906ecb15b2c96ad278f20cfc4af53b12bb6069bd853726
    ir:
      - "decl f0: <0>"
      - "  store &v1, ((v0), (), (), ())"
      - "  store &v3, 0"
      - "  eq &v4, true, v2"
      - "  retn v4"
      - ""
    output:
      - input_file: dummy.in
        output:
          registers:
            r0:
              type: bool
              value: "true"
    initial_ast: c279d15ae76445a695827550a425b778f428ceb44b4bc26ce216c430bd88ada0
    imports_resolved_ast: b7b79a126a6dedc7f894c99999060b7afffacc12d13d2ec6df0186d0c41c14ec
    canonicalized_ast: b7b79a126a6dedc7f894c99999060b7afffacc12d13d2ec6df0186d0c41c14ec
    type_inferenced_ast: e8d93fab8627040b19e10402c7a1a300de788975af177c47cbe37e52651a8dc1
