---
namespace: Compile
expectation: Pass
outputs:
  - circuit:
      num_public_variables: 0
      num_private_variables: 2
      num_constraints: 2
      at: 401937c524c61a28b4fab76d7a1f85bb628850012af62362a0922610372faf92
      bt: cdf9a9cee4f2edf55111a95ae60bde9801080f6bde638a5c79273a39a2f9f7f5
      ct: 643d5437104296e21d906ecb15b2c96ad278f20cfc4af53b12bb6069bd853726
    ir:
      - "decl f0: <0>"
      - "  store &v1, ((v0), (), (), ())"
      - "  store &v3, -128"
      - "  store &v4, 128"
      - "  eq &v5, true, v2"
      - "  retn v5"
      - ""
    output:
      - input_file: "../input/dummy.in"
        output:
          registers:
            r0:
              type: bool
              value: "true"
    initial_ast: 59c0156265d6ecff237970b8e0cd1ab9f5db8a190a6efd250f82b297e44c85b4
    imports_resolved_ast: 338f5db9f7a2e637444686715feac0bef30edb93ae2c5e8613f651baac0aae9b
    canonicalized_ast: 338f5db9f7a2e637444686715feac0bef30edb93ae2c5e8613f651baac0aae9b
    type_inferenced_ast: 29db9902a978ff09b3a80133329741c13fd36a02eacf4a46db21101494e1f4f0
