---
namespace: Compile
expectation: Pass
outputs:
  - circuit:
      num_public_variables: 0
      num_private_variables: 1151
      num_constraints: 1439
      at: 829afe74a66d2cc4974bc687a4922ec181cd49bf6bf7bd32232cc46549f9f714
      bt: b702bfa3245fd3794d4057ae3f012aaeb28341b189bd8d12346e90aa85758193
      ct: 526086cb2e2126ce8d1664ecaf53490ecc1bdebcec932dd653439f30bd5377aa
    ir:
      - "decl f0: <0>"
      - "  store &v1, ((v0), (), (), ())"
      - "  div &v5, v2, v3"
      - "  eq &v6, v5, v4"
      - "  retn v6"
      - ""
    output:
      - input_file: i8.in
        output:
          registers:
            r0:
              type: bool
              value: "true"
    initial_ast: e49b6c401eaa8b3b22934edb7a661b38257ea2938e92c12873627ee97c14266e
    imports_resolved_ast: c8bcdb46eb0ade306da42558e63c85cce7075d3665e4e4f14f8cbc130ceac9c8
    canonicalized_ast: c8bcdb46eb0ade306da42558e63c85cce7075d3665e4e4f14f8cbc130ceac9c8
    type_inferenced_ast: 3389df1fc1c673803f08e32945455ea0c37ffc413e16bedaad93f9b560b8c99f
