---
namespace: Compile
expectation: Pass
outputs:
  - circuit:
      num_public_variables: 0
      num_private_variables: 58
      num_constraints: 58
      at: e8182c2323c206897ac38d11511879d8ebc9239b25811b95a3e52aef8b1c6a8f
      bt: 0a2e97c7d5440c23fbaacae9cd4b5280527d0db0c58e0bc360102f7c1629df48
      ct: 01bde22d4fb741f6f8503007d771bd8b644fa36dbe2a667827e6766a2b461546
    ir:
      - "decl f0: <0>"
      - "  store &v1, ((v0), (), (), ())"
      - "  lt &v5, v2, v3"
      - "  eq &v6, v5, v4"
      - "  retn v6"
      - ""
    output:
      - input_file: i8_l.in
        output:
          registers:
            r0:
              type: bool
              value: "true"
      - input_file: i8_e.in
        output:
          registers:
            r0:
              type: bool
              value: "true"
    initial_ast: f2459236a18354f82e763a1f1d334b36c03e8bf1309cfba665a54979492bfb3a
    imports_resolved_ast: c39a1ea4bf9e11005c4dfe61e67738df45ea4e5f622d690a953d12e2e48f173a
    canonicalized_ast: c39a1ea4bf9e11005c4dfe61e67738df45ea4e5f622d690a953d12e2e48f173a
    type_inferenced_ast: 72e42fdde589139a664fdb9c574b57ac35e158322845f8cea56eb3c328ab56a3
