---
namespace: Compile
expectation: Pass
outputs:
  - circuit:
      num_public_variables: 0
      num_private_variables: 2
      num_constraints: 2
      at: 401937c524c61a28b4fab76d7a1f85bb628850012af62362a0922610372faf92
      bt: cdf9a9cee4f2edf55111a95ae60bde9801080f6bde638a5c79273a39a2f9f7f5
      ct: 643d5437104296e21d906ecb15b2c96ad278f20cfc4af53b12bb6069bd853726
    ir:
      - "decl f0: <0>"
      - "  store &v1, ((v0), (), (), ())"
      - "  store &v3, -128"
      - "  eq &v4, v2, true"
      - "  retn v4"
      - ""
    output:
      - input_file: "../input/dummy.in"
        output:
          registers:
            r0:
              type: bool
              value: "true"
    initial_ast: 1a87079ca3ce9f14f9d8046cffdfe2b8217c10e8ef506cdc60445b814b370cd8
    imports_resolved_ast: 7646bbfe66e52c6013b01cfdf6b465a88b839a775f4b3e874ead609b03dc2475
    canonicalized_ast: 7646bbfe66e52c6013b01cfdf6b465a88b839a775f4b3e874ead609b03dc2475
    type_inferenced_ast: 340767d3fc988dc375c391ac8bc7e729b372fef191ce08a435e118c17206d68c
