---
namespace: Compile
expectation: Pass
outputs:
  - circuit:
      num_public_variables: 0
      num_private_variables: 2
      num_constraints: 2
      at: 401937c524c61a28b4fab76d7a1f85bb628850012af62362a0922610372faf92
      bt: cdf9a9cee4f2edf55111a95ae60bde9801080f6bde638a5c79273a39a2f9f7f5
      ct: 643d5437104296e21d906ecb15b2c96ad278f20cfc4af53b12bb6069bd853726
    ir:
      - "decl f0: <0>"
      - "  store &v1, ((v0), (), (), ())"
      - "  log INFO, \"\", v2, \"\""
      - "  aget &v4, v2, 0"
      - "  eq &v5, v4, 0"
      - "  eq &v6, v5, v3"
      - "  retn v6"
      - ""
    output:
      - input_file: input/main_array.in
        output:
          registers:
            r0:
              type: bool
              value: "true"
    initial_ast: 49d643bff441edf7c5ae64f8acf989b3466f30e63eebcab70c487681cb6ac139
    imports_resolved_ast: afe1f92c6f851b46c59492b2ea93dac1ce03ec7ba4612ad714d46dea65e2673f
    canonicalized_ast: afe1f92c6f851b46c59492b2ea93dac1ce03ec7ba4612ad714d46dea65e2673f
    type_inferenced_ast: 06a2e858123f26f0feafdadccb7ddaa90bb2d4a209897ab2b714c902f35dbb9e
