---
namespace: Compile
expectation: Pass
outputs:
  - circuit:
      num_public_variables: 0
      num_private_variables: 224
      num_constraints: 224
      at: ccf19b025615a81b1f19967fd069c140849429e932a38b245cda98b9acea2191
      bt: 57f1871a8d1ff309df7590b6b67374f185bb1b17d18e0bad3d75c9f537675e70
      ct: b92d53399a71512b25b4ee9f35327fe8a8e658b444fcf397b0d8cd6790448ff5
    ir:
      - "decl f0: <0>"
      - "  store &v1, ((v0), (), (), ())"
      - "  aget &v4, v2, 0"
      - "  aget &v5, v4, 0"
      - "  aget &v6, v5, 0"
      - "  aget &v7, v3, 0"
      - "  aget &v8, v7, 0"
      - "  aget &v9, v8, 0"
      - "  eq &v10, v6, v9"
      - "  aget &v11, v2, 1"
      - "  aget &v12, v11, 1"
      - "  aget &v13, v12, 2"
      - "  aget &v14, v3, 1"
      - "  aget &v15, v14, 1"
      - "  aget &v16, v15, 2"
      - "  eq &v17, v13, v16"
      - "  and &v18, v10, v17"
      - "  retn v18"
      - ""
    output:
      - input_file: input/main_multi_dimension_array.in
        output:
          registers:
            r0:
              type: bool
              value: "true"
    initial_ast: 85c2be3f588cf48c2219e500926b4d61e0adb53f0bd1ccf4a67f1c7a53e38814
    imports_resolved_ast: 8433dd0c37a11d8c58af87d5444bafa2c4f8d221301d3b8ce328f02cbc4db17f
    canonicalized_ast: 9ac7e767fdece9c97d205420c70d5ff2b1f3f8e8d4ee5d5542fd408a141ca505
    type_inferenced_ast: 2202f78b14bd75131bfef96668f51e8f814da2748f6401929e1fbf40753a14e0
