---
namespace: Compile
expectation: Pass
outputs:
  - circuit:
      num_public_variables: 0
      num_private_variables: 7
      num_constraints: 3
      at: 27e285016f0cd27ac4cde3e5c675f9e72ea5d8a753af7fc25707f7be20921c60
      bt: f91b8601243dbd0d25e7df8f34ff304ca78a295fdfafbe0102ec6ce4fcb3c0f0
      ct: fe68b86a12c0b8c1585a656d7c4b8c47fbe19677b5da7ce0aae1d80dffb2a2ca
    ir:
      - "decl f0: <0>"
      - "  store &v1, ((v0), (), (), ())"
      - "  ne &v3, v2, 'a'"
      - "  pick &v4, v3, 'a', 'Z'"
      - "  retn v4"
      - ""
    output:
      - input_file: inputs/ascii.in
        output:
          registers:
            r:
              type: char
              value: Z
      - input_file: inputs/escaped_unicode1.in
        output:
          registers:
            r:
              type: char
              value: a
      - input_file: inputs/escaped_unicode2.in
        output:
          registers:
            r:
              type: char
              value: a
      - input_file: inputs/escaped_unicode3.in
        output:
          registers:
            r:
              type: char
              value: a
      - input_file: inputs/escaped_unicode4.in
        output:
          registers:
            r:
              type: char
              value: a
      - input_file: inputs/escaped_unicode5.in
        output:
          registers:
            r:
              type: char
              value: a
      - input_file: inputs/escaped_unicode6.in
        output:
          registers:
            r:
              type: char
              value: a
      - input_file: inputs/escaped.in
        output:
          registers:
            r:
              type: char
              value: a
      - input_file: inputs/hex1.in
        output:
          registers:
            r:
              type: char
              value: a
      - input_file: inputs/hex2.in
        output:
          registers:
            r:
              type: char
              value: a
      - input_file: inputs/unicode1.in
        output:
          registers:
            r:
              type: char
              value: a
      - input_file: inputs/unicode2.in
        output:
          registers:
            r:
              type: char
              value: a
      - input_file: inputs/unicode3.in
        output:
          registers:
            r:
              type: char
              value: a
      - input_file: inputs/unicode4.in
        output:
          registers:
            r:
              type: char
              value: a
      - input_file: inputs/unicode5.in
        output:
          registers:
            r:
              type: char
              value: a
    initial_ast: dde83ce4aa54fed8a8a476ab37aad5169acaccd903a004f0c5835bdb390cb61f
    imports_resolved_ast: 916f9599acff3d32141b7c2193ff19b4b0657774e2bdb6f5db2924ccdf16a423
    canonicalized_ast: 916f9599acff3d32141b7c2193ff19b4b0657774e2bdb6f5db2924ccdf16a423
    type_inferenced_ast: c8d94163d60a2c5df38122e544950d47a8a4a82a765d742cdf386cc5dbb4138f
