---
namespace: Compile
expectation: Pass
outputs:
  - circuit:
      num_public_variables: 0
      num_private_variables: 2
      num_constraints: 2
      at: 401937c524c61a28b4fab76d7a1f85bb628850012af62362a0922610372faf92
      bt: cdf9a9cee4f2edf55111a95ae60bde9801080f6bde638a5c79273a39a2f9f7f5
      ct: 643d5437104296e21d906ecb15b2c96ad278f20cfc4af53b12bb6069bd853726
    ir:
      - "decl f0: <0>"
      - "  store &v1, ((v0), (), (), ())"
      - "  store &v3, [[[0, 0], [0, 0], [0, 0]], [[0, 0], [0, 0], [0, 0]], [[0, 0], [0, 0], [0, 0]], [[0, 0], [0, 0], [0, 0]]]"
      - "  store &v4, [[[0, 0], [0, 0], [0, 0]], [[0, 0], [0, 0], [0, 0]], [[0, 0], [0, 0], [0, 0]], [[0, 0], [0, 0], [0, 0]]]"
      - "  eq &v5, true, v2"
      - "  retn v5"
      - ""
    output:
      - input_file: input/dummy.in
        output:
          registers:
            r0:
              type: bool
              value: "true"
    initial_ast: b0d8a1c0358f161ba7a32604ca3590adc09c90ba8f14a0e13e97598cc2585b01
    imports_resolved_ast: cecca9a87855cd2fec58bb0d1530c1c983a992924643c774ca643cea08565b7b
    canonicalized_ast: fe1a93375fcf45518c7938c2a78d5d78f03b0af4ab5c9c99bb4d2644fa060b1e
    type_inferenced_ast: ccca748c60b28506f9b2ee07ea7b01c88e464abc0a48d2b931e4ba435d8e9ff4
