---
namespace: Compile
expectation: Pass
outputs:
  - circuit:
      num_public_variables: 0
      num_private_variables: 2
      num_constraints: 2
      at: 401937c524c61a28b4fab76d7a1f85bb628850012af62362a0922610372faf92
      bt: cdf9a9cee4f2edf55111a95ae60bde9801080f6bde638a5c79273a39a2f9f7f5
      ct: 643d5437104296e21d906ecb15b2c96ad278f20cfc4af53b12bb6069bd853726
    ir:
      - "decl f0: <0>"
      - "  store &v1, ((v0), (), (), ())"
      - "  eq &v3, v2, true"
      - "  retn v3"
      - "decl f1: <4>"
      - ""
    output:
      - input_file: input/dummy.in
        output:
          registers:
            r0:
              type: bool
              value: "true"
    initial_ast: 5e8a7f082ea36f6ffaa461a5dc492639d1c28d724fca7711a0bc28d98e8ac5a7
    imports_resolved_ast: 4bed95cc917a1c2de70534805cf0daf9e84461c74759928e4a7f15e90e8b4d18
    canonicalized_ast: 320e48cc5c1b66350bc9120fe2548498662c422ac88411bb5dd299a3f47f109a
    type_inferenced_ast: 769582366cd7e9851d5b7b15771c9bb9527a71f1a203c4fec04f640b3107e73a
