---
namespace: Compile
expectation: Pass
outputs:
  - circuit:
      num_public_variables: 0
      num_private_variables: 258
      num_constraints: 258
      at: d7ccf7517d33463186a0ce8bb122b442e821fc279d06ac4daa7e102052c4998c
      bt: bcfda21ebe8071438bc4e97662f957d596ef81b8ed2773ca408d542da8aef7f9
      ct: 4758a85920559c2a5359b7d5f296301d7bf6c7d57024141db5597aa11dfa05f0
    ir:
      - "decl f0: <0>"
      - "  store &v1, ((v0), (), (), ())"
      - "  ne &v5, v2, v3"
      - "  eq &v6, v5, v4"
      - "  retn v6"
      - ""
    output:
      - input_file: ne.in
        output:
          registers:
            r0:
              type: bool
              value: "true"
    initial_ast: 7b6c42403b1c406a687b8591da4b6b4a5a83ff339e7e4c9ae048ce507fa1188f
    imports_resolved_ast: 85ec2bfb76b01258d81e504d7608e0e20bb85dfce6ded4dd5f1a5d6f80d061ed
    canonicalized_ast: 85ec2bfb76b01258d81e504d7608e0e20bb85dfce6ded4dd5f1a5d6f80d061ed
    type_inferenced_ast: f89ace568d16ef1fb86ca2798d7329115cd0d9ace39b37a9cb1cfa5268d12d73
