---
namespace: Compile
expectation: Pass
outputs:
  - circuit:
      num_public_variables: 0
      num_private_variables: 2
      num_constraints: 2
      at: 401937c524c61a28b4fab76d7a1f85bb628850012af62362a0922610372faf92
      bt: cdf9a9cee4f2edf55111a95ae60bde9801080f6bde638a5c79273a39a2f9f7f5
      ct: 643d5437104296e21d906ecb15b2c96ad278f20cfc4af53b12bb6069bd853726
    ir:
      - "decl f0: <0>"
      - "  store &v1, ((v0), (), (), ())"
      - "  call &v3, f1, 1"
      - "  store &v4, v3"
      - "  eq &v5, v4, 1"
      - "  eq &v6, v5, v2"
      - "  retn v6"
      - "decl f1: <7>"
      - "  retn v7"
      - ""
    output:
      - input_file: input/dummy.in
        output:
          registers:
            r0:
              type: bool
              value: "true"
    initial_ast: d65cbc31e173f30642e9ccf8090ac7d41981adf5ab716cca3d8d747a7ee19de7
    imports_resolved_ast: a50e4547225b4f5470f654fd5833daefd05afa0937c49b10e9b18f3254862628
    canonicalized_ast: a50e4547225b4f5470f654fd5833daefd05afa0937c49b10e9b18f3254862628
    type_inferenced_ast: 5a59b7329d37bd088efe7f074a24602d0a28a8abdce37690a6622c95e6ddaf9f
