---
namespace: Compile
expectation: Pass
outputs:
  - circuit:
      num_public_variables: 0
      num_private_variables: 2
      num_constraints: 2
      at: 401937c524c61a28b4fab76d7a1f85bb628850012af62362a0922610372faf92
      bt: cdf9a9cee4f2edf55111a95ae60bde9801080f6bde638a5c79273a39a2f9f7f5
      ct: 643d5437104296e21d906ecb15b2c96ad278f20cfc4af53b12bb6069bd853726
    ir:
      - "decl f0: <0>"
      - "  store &v1, ((v0), (), (), ())"
      - "  retn v2"
      - "decl f1: <3>"
      - "  retn ((), 1)"
      - ""
    output:
      - input_file: input/dummy.in
        output:
          registers:
            r0:
              type: bool
              value: "true"
    initial_ast: 68c40d2d93bade81dd929752dd8b8d455cc95b83a87339d0e691039f4959f41e
    imports_resolved_ast: 83b8e7e2ab8ce19ee991eaa648823ba9b5c684612e91e9b7b6821c20dc1b44c2
    canonicalized_ast: b5f03d59dc8d815368c7047f3c539bf14249fb8e543257aa65b6be0aaea8b3db
    type_inferenced_ast: 0a316abea21e5b5cf68fd7c0203fc540b2829a4d66ad4370e79e4be245a1a96a
