---
namespace: Compile
expectation: Pass
outputs:
  - circuit:
      num_public_variables: 0
      num_private_variables: 69
      num_constraints: 52
      at: 47e996b490319c573c3995abd4106b2741c4a3ddf2b137ec1a326741a5056cfd
      bt: c5f0cc4085929ef2a6272ecc8956d26b61bab3d2cb8b14f5a80c2305230f41d0
      ct: c412113831b6b8aa1154a93c041f86489ebea172b5c50a9cb700c9864dcd5c16
    ir:
      - "decl f0: <0>"
      - "  store &v1, ((v0), (), (), ())"
      - "  asget &v4, v2, 0, 4, 4"
      - "  asset &v2, 0, 4, v3"
      - "  store &v2, v2"
      - "  ne &v5, v2, ['H', 'e', 'l', 'l', 'o', ',', ' ', 'W', 'o', 'r', 'l', 'd', '!']"
      - "  retn v5"
      - ""
    output:
      - input_file: inputs/string.in
        output:
          registers:
            out:
              type: bool
              value: "true"
      - input_file: inputs/weird.in
        output:
          registers:
            out:
              type: bool
              value: "true"
    initial_ast: be1cf59fa1d5e62a686a682f5200c34bbf381da61c971ef930ae43b749962ded
    imports_resolved_ast: 1445b5684061905d4311f48f95eebd55923ac01ffe6f6f982ba6dad09e02bdc5
    canonicalized_ast: bdc4445a7b8a59f80b562ed6589a82cb28451fe52b06aeb187df41fdb9e994b3
    type_inferenced_ast: 14d5ecba695e4f8e776a635a98d74bc67ae01fa54639ac4d897e99943d51d5e6
