---
namespace: Compile
expectation: Pass
outputs:
  - circuit:
      num_public_variables: 0
      num_private_variables: 127
      num_constraints: 127
      at: 051151c1ab89f2c0ff0fe5d336668c3fcd6dc4744d1f5b8e135dcb7bf6a6195c
      bt: 6b92443726163ac0fc32f7c9edace0ec8369e793d24105d93d121cb0bd5c3128
      ct: 7cb2d3f0ccfb9a2e747c6a05bdb52812c4539c836ff62c4e555fac13ef2084d4
    ir:
      - "decl f0: <0>"
      - "  store &v0, ((), (), (), ())"
      - "  eq &v3, v1, v2"
      - "  assert v3"
      - ""
    output:
      - input_file: i32.in
        output:
          registers: {}
    initial_ast: f9423a2034c2571a26ea8313b9d9aef4a82c3ed0fa30552af3c7321e501efa38
    imports_resolved_ast: 0b2bf92170e529802bcfc6a7c4efc256396990f3ed76a7495c4c6a6a728189b6
    canonicalized_ast: a59c972493574071b6aa7149feccbbfacafcc43efc4d257df8624577288728d4
    type_inferenced_ast: 198840fab9cfe04aeb4fa40857111985a2998efbab8952e56af84b0ed41e9ac6
