---
namespace: Compile
expectation: Pass
outputs:
  - circuit:
      num_public_variables: 0
      num_private_variables: 130
      num_constraints: 130
      at: dad01714dd70f68e1d380d0279d70f20017ba2a0eb4c1de335a1e77d04e4d916
      bt: 55602ea32900427c414ebc7031becdca8c0c1e3d0ae5c2d863a9417c095f4b35
      ct: ac4b059cd20b396162487d8ac92f7267d5fa17d603fe1d6a7ae4d0939cd6bd42
    ir:
      - "decl f0: <0>"
      - "  store &v1, ((v0), (), (), ())"
      - "  eq &v5, v2, v3"
      - "  eq &v6, v5, v4"
      - "  retn v6"
      - ""
    output:
      - input_file: i32.in
        output:
          registers:
            r0:
              type: bool
              value: "true"
    initial_ast: af7c1be853ac4bbf19471164333939106d389c54da795b5e46df23e15b93e179
    imports_resolved_ast: 6dc01f0aa39b85650020e7d7ad0fd73c68870665c063d016ed27608a3ba387a8
    canonicalized_ast: 6dc01f0aa39b85650020e7d7ad0fd73c68870665c063d016ed27608a3ba387a8
    type_inferenced_ast: 80ff996dbc1782c33095dbb42bcf1da6e22f8ae399ab65199e7e3d807b3cfe3c
