---
namespace: Compile
expectation: Pass
outputs:
  - circuit:
      num_public_variables: 0
      num_private_variables: 226
      num_constraints: 226
      at: c2c11d421c83cf7d8110353d8108076f78b553efecaacba35847c857aab267fb
      bt: 37226882f4ce32fc4c5443e5581ccc5e6f5c1c5a8039d6fa1d0c2cf242efc78a
      ct: 5c4c29895605623daa2d6c270ec8a463882fc2900921961ca3a9d73ef91dbc16
    ir:
      - "decl f0: <0>"
      - "  store &v1, ((v0), (), (), ())"
      - "  ge &v5, v2, v3"
      - "  eq &v6, v5, v4"
      - "  retn v6"
      - ""
    output:
      - input_file: i32_e.in
        output:
          registers:
            r0:
              type: bool
              value: "true"
      - input_file: i32_g.in
        output:
          registers:
            r0:
              type: bool
              value: "true"
    initial_ast: f90426c8cbd0ebf3d066a2280eb67868d29147b7bc72df6b9b8d163aec77d96c
    imports_resolved_ast: 6c084d5fb3af985bb0babd655595edc3ff21766bc6c967db4a96a3bd727847b6
    canonicalized_ast: 6c084d5fb3af985bb0babd655595edc3ff21766bc6c967db4a96a3bd727847b6
    type_inferenced_ast: 5dc61b10ddcc966249e7d267a282af74964954c77de012e9f23338d6c29da182
