---
namespace: Compile
expectation: Pass
outputs:
  - circuit:
      num_public_variables: 0
      num_private_variables: 190
      num_constraints: 190
      at: c437829299b1bd54eaa34d8c2944282ae496ca8b406b3e63153cf90ea4b0c26c
      bt: f67ba97cf19e144d52250e3516f30b452853e281c130b71910357054f39ea93d
      ct: ae2919766d8ddb409fbf5f17d05162e79049d3266470ad7835a7a05c468d0538
    ir:
      - "decl f0: <0>"
      - "  store &v1, ((v0), (), (), ())"
      - "  negate &v4, v2"
      - "  eq &v5, v4, v3"
      - "  retn v5"
      - ""
    output:
      - input_file: i32.in
        output:
          registers:
            r0:
              type: bool
              value: "true"
      - input_file: i32.in
        output:
          registers:
            r0:
              type: bool
              value: "true"
    initial_ast: 83369325424fa28684e6cc050510a849876eeb214fdfc2ce5dc02f88e1e6a5be
    imports_resolved_ast: 243685fb9fa0a11e7b6a188acafb42efc5cca6bc697b8bc8d9790c13f75e524c
    canonicalized_ast: 243685fb9fa0a11e7b6a188acafb42efc5cca6bc697b8bc8d9790c13f75e524c
    type_inferenced_ast: 4636985add03c0f4a312001ed0e89b953609401be72cc61223ef79cae5efe2c9
