---
namespace: Compile
expectation: Pass
outputs:
  - circuit:
      num_public_variables: 0
      num_private_variables: 1
      num_constraints: 1
      at: 042610d0fd1fe6d6ac112138f8755752f44c7d2a00f1b5960574d6da5cda393f
      bt: e97756698880ab7555a959a5fb5c6b4e15bd64612aa677adbfe2d0bd91f0a83c
      ct: cf1cbb66a638b4860a516671fb74850e6ccf787fe6c4c8d29e9c04efe880bd05
    ir:
      - "decl f0: <0>"
      - "  store &v0, ((), (), (), ())"
      - "  mask 2, v1"
      - "    eq &v3, v1, true"
      - "    assert v3"
      - "  not &v2, v1"
      - "  mask 2, v2"
      - "    eq &v4, v1, false"
      - "    assert v4"
      - ""
    output:
      - input_file: cond.in
        output:
          registers: {}
      - input_file: cond_2.in
        output:
          registers: {}
    initial_ast: f78cb4a45ac47fb9e330eac08319fb5886532d4433658d338cdbb13e8b7c9276
    imports_resolved_ast: 0b86e1e7b7058a02efade60cc3f0c73c1ad07a57cf77766726dd6696ab839db4
    canonicalized_ast: 87be19777e5d7eb06bd138193ba4b2a19f75817da16ab46ae29a5e1cc24bc30f
    type_inferenced_ast: 45eb21e60e13d78a760a48ee01c664c8c8d4ec17c8391f93c37ffb8f5b3323dc
