---
namespace: Compile
expectation: Pass
outputs:
  - circuit:
      num_public_variables: 0
      num_private_variables: 2
      num_constraints: 2
      at: 401937c524c61a28b4fab76d7a1f85bb628850012af62362a0922610372faf92
      bt: cdf9a9cee4f2edf55111a95ae60bde9801080f6bde638a5c79273a39a2f9f7f5
      ct: 643d5437104296e21d906ecb15b2c96ad278f20cfc4af53b12bb6069bd853726
    ir:
      - "decl f0: <0>"
      - "  store &v1, ((v0), (), (), ())"
      - "  log INFO, \"\", 1, \" \", true, \"\""
      - "  eq &v3, v2, true"
      - "  retn v3"
      - ""
    output:
      - input_file: input/dummy.in
        output:
          registers:
            r0:
              type: bool
              value: "true"
    initial_ast: e25858da7814bbf0ce171a98dbb77622f4cba5b5195894d78bd8ce7ef6a39141
    imports_resolved_ast: b2ce61467645891bf02484b5ceda888012056849e9fc23f36e554b2975c5bb94
    canonicalized_ast: b2ce61467645891bf02484b5ceda888012056849e9fc23f36e554b2975c5bb94
    type_inferenced_ast: bd297fba533b8840191549f1c3f36786b05aa75183db12bf1a861d73af207eeb
