---
namespace: Compile
expectation: Pass
outputs:
  - circuit:
      num_public_variables: 0
      num_private_variables: 2
      num_constraints: 2
      at: 401937c524c61a28b4fab76d7a1f85bb628850012af62362a0922610372faf92
      bt: cdf9a9cee4f2edf55111a95ae60bde9801080f6bde638a5c79273a39a2f9f7f5
      ct: 643d5437104296e21d906ecb15b2c96ad278f20cfc4af53b12bb6069bd853726
    ir:
      - "decl f0: <0>"
      - "  store &v1, ((v0), (), (), ())"
      - "  store &v3, [1]"
      - "  aget &v4, v3, 0"
      - "  aset &v3, 0, 0"
      - "  store &v3, v3"
      - "  aget &v5, v3, 0"
      - "  eq &v6, v5, 0"
      - "  eq &v7, v6, v2"
      - "  retn v7"
      - ""
    output:
      - input_file: input/dummy.in
        output:
          registers:
            r0:
              type: bool
              value: "true"
    initial_ast: 1c838aa4e7fbf75a22c68d9ad60508b61338b03b0aaed1936ecd9498be1c2be7
    imports_resolved_ast: 4b427ba7f5fdad6ed95fe2f6653de05534277db3ba60dddef158c541eb674d89
    canonicalized_ast: 4b427ba7f5fdad6ed95fe2f6653de05534277db3ba60dddef158c541eb674d89
    type_inferenced_ast: b4387443ecef29bda0b6d072b95ebe79a121ae375e994a980a08ef5b2fdc680c
