---
namespace: Compile
expectation: Pass
outputs:
  - circuit:
      num_public_variables: 0
      num_private_variables: 2
      num_constraints: 2
      at: 401937c524c61a28b4fab76d7a1f85bb628850012af62362a0922610372faf92
      bt: cdf9a9cee4f2edf55111a95ae60bde9801080f6bde638a5c79273a39a2f9f7f5
      ct: 643d5437104296e21d906ecb15b2c96ad278f20cfc4af53b12bb6069bd853726
    ir:
      - "decl f0: <0>"
      - "  store &v1, ((v0), (), (), ())"
      - "  store &v3, [1, 2, 3]"
      - "  asget &v4, v3, 0, 2, 2"
      - "  asset &v3, 0, 2, [4, 5]"
      - "  store &v3, v3"
      - "  aget &v5, v3, 0"
      - "  eq &v6, v5, 4"
      - "  aget &v7, v3, 1"
      - "  eq &v8, v7, 5"
      - "  and &v9, v6, v8"
      - "  aget &v10, v3, 2"
      - "  eq &v11, v10, 3"
      - "  and &v12, v9, v11"
      - "  eq &v13, v2, true"
      - "  and &v14, v12, v13"
      - "  retn v14"
      - ""
    output:
      - input_file: input/dummy.in
        output:
          registers:
            r0:
              type: bool
              value: "true"
    initial_ast: 2cb6368e7146131c04cd2d3c7f897ce54f5e1bd685a1b00f12d2040309581caf
    imports_resolved_ast: 4e1340dc3c31cc828fbee8deedd30ebfe479e20e79bbbf5f8ee73122316545ca
    canonicalized_ast: 4e1340dc3c31cc828fbee8deedd30ebfe479e20e79bbbf5f8ee73122316545ca
    type_inferenced_ast: 0e2710e8c810f5afea98cd1785c09c4ef1bb0e5650cf35f9d02febb70ef77a27
