---
namespace: Compile
expectation: Pass
outputs:
  - circuit:
      num_public_variables: 0
      num_private_variables: 2
      num_constraints: 2
      at: 401937c524c61a28b4fab76d7a1f85bb628850012af62362a0922610372faf92
      bt: cdf9a9cee4f2edf55111a95ae60bde9801080f6bde638a5c79273a39a2f9f7f5
      ct: 643d5437104296e21d906ecb15b2c96ad278f20cfc4af53b12bb6069bd853726
    ir:
      - "decl f0: <0>"
      - "  store &v1, ((v0), (), (), ())"
      - "  store &v3, 100"
      - "  eq &v4, v3, 100"
      - "  eq &v5, v4, v2"
      - "  retn v5"
      - ""
    output:
      - input_file: input/dummy.in
        output:
          registers:
            r0:
              type: bool
              value: "true"
    initial_ast: e32bd087e201ba875bde802013ae0cbaac7ae2ad5dbcf4e54d6d121e3c8efce9
    imports_resolved_ast: bac62fbaddb1a442e22050ad654936a16c8a7ca3a3b2cc95c2ecbd8f40317647
    canonicalized_ast: fe491d76a9297c9230d7aa221a6bdd516230e5c5fe0a16864092e0dc131cdcc8
    type_inferenced_ast: 6d1950cf75de4b713a876237568ab021716d64de3541402da6c8f46f1621cd34
