---
namespace: Compile
expectation: Pass
outputs:
  - circuit:
      num_public_variables: 0
      num_private_variables: 224
      num_constraints: 224
      at: ccf19b025615a81b1f19967fd069c140849429e932a38b245cda98b9acea2191
      bt: 57f1871a8d1ff309df7590b6b67374f185bb1b17d18e0bad3d75c9f537675e70
      ct: b92d53399a71512b25b4ee9f35327fe8a8e658b444fcf397b0d8cd6790448ff5
    ir:
      - "decl f0: <0>"
      - "  store &v1, ((v0), (), (), ())"
      - "  log INFO, \"x: \", v2, \"\""
      - "  store &v3, [[[0, 0, 0], [0, 0, 0]], [[0, 0, 0], [0, 0, 0]]]"
      - "  log INFO, \"y: \", [[[0, 0, 0], [0, 0, 0]], [[0, 0, 0], [0, 0, 0]]], \"\""
      - "  aget &v4, v2, 0"
      - "  aget &v5, v4, 0"
      - "  aget &v6, v5, 0"
      - "  eq &v7, v6, 0"
      - "  aget &v8, v2, 1"
      - "  aget &v9, v8, 1"
      - "  aget &v10, v9, 2"
      - "  eq &v11, v10, 0"
      - "  and &v12, v7, v11"
      - "  retn v12"
      - ""
    output:
      - input_file: input/main_multi_dimension_array.in
        output:
          registers:
            r0:
              type: bool
              value: "true"
    initial_ast: d2fe109f7de1d908be3af07de7e66d68cf32ccdaf3de2757d801065d2d4032d8
    imports_resolved_ast: 1335ef7027f3963dd2415c967dda4f1ba0b8e785425a9b945657e98907811975
    canonicalized_ast: ac7169ce8fdc92bc99cede9ee36a7ee6bd2c5d9e31c3838bbd9e9a30b9d156c8
    type_inferenced_ast: 2e65e19b22618a2c808789526fece56a1523011a40d7ff2a0bdd6a94b4d4d043
