---
namespace: Compile
expectation: Pass
outputs:
  - circuit:
      num_public_variables: 0
      num_private_variables: 12
      num_constraints: 9
      at: df88b362955f00b8c41afd9e31c9e41e4b8254a71ea0f3f2f97d5b6b8b767415
      bt: df58aff07b131c34e977ffb5657bbd21852f59fd7e059117c419c3c6070a7053
      ct: 335cdfb09b13172262042abccf4560511666deaa63cc1b3f30dd35dcb554840f
    ir:
      - "decl f0: <0>"
      - "  store &v0, ((), (), (), ())"
      - "  log INFO, \"a: \", v1, \"\""
      - "  log INFO, \"b: \", v2, \"\""
      - "  log INFO, \"c: \", v3, \"\""
      - ""
    output:
      - input_file: input/main_group.in
        output:
          registers: {}
    initial_ast: f07efb1424b425cf20540a90a7bd68c2a88544c6b6af9a5adb3a346ac60e5656
    imports_resolved_ast: 76a833c426e6926b9e811ee30f6d395435c4ba3e696cb06be504dda1112a9f63
    canonicalized_ast: a37e00595f81af99a579edd7a92dfd05ab4574b21079c1c80d8bda3ec3d71232
    type_inferenced_ast: 2e2e274d037d3b26e9b105a82617ffed2cc0a259957b36e714f91cbaf5f7bca7
