---
namespace: Compile
expectation: Pass
outputs:
  - circuit:
      num_public_variables: 0
      num_private_variables: 9
      num_constraints: 9
      at: cfc27ce5fe57455170b7873e5ff2eb5f8f997fc5fc62faad746879e0b78608b0
      bt: 6fde8d6341a34a59e776a14fd2071105f796edd8743b718e9d4d7eeab31f5eea
      ct: 95d15e75300129c5b4dd7f324bec76f91976db7c7b6075f942e9ea82b243e0b3
    output:
      - input_file: inputs/dummy.in
        output:
          registers:
            r0:
              type: bool
              value: "true"
    initial_ast: 39a18b43d3d5a65507b9a4bc6558efe27509fa16006de6a98a47c67b6085667c
    canonicalized_ast: 25c0175f87357fe5a14e48159c69eb636bfd6836706203d0a30dfbd0ccf9fff3
    type_inferenced_ast: ef74c4307c4124ce11ed81e98e0cc555a306c94505d7e40025e66655dac155a8
