---
namespace: Compile
expectation: Pass
outputs:
  - circuit:
      num_public_variables: 0
      num_private_variables: 163
      num_constraints: 166
      at: e2f969e491a428da7914fefa9228e607ef3fe626f45b62eae0c5ac5edffad114
      bt: 9023713ed07ce1c28f365db74e84c2d0436a61fb54a365de5a3d79837072efa1
      ct: fe4a6235b72520058f0db4ed71df4d5d1fb6e29f7a51f1c184cc48b73d3cefde
    ir:
      - "decl f0: <0>"
      - "  store &v1, ((v0), (), (), ())"
      - "  store &v3, v2"
      - "  repeat 2, &v4, false, 0, 3"
      - "    sub &v5, v3, 1"
      - "    store &v3, v5"
      - "  eq &v6, v3, 0"
      - "  retn v6"
      - ""
    output:
      - input_file: inputs/u32_3.in
        output:
          registers:
            a:
              type: bool
              value: "true"
    initial_ast: d9efc4637d0628e6db017037e02e094dcf17651a781221974108d42ec300ee4d
    imports_resolved_ast: 48e1d38dd2e76726bdc806f332f2bbd28f452e4030cd62c37e4c5c9d9e4c24e6
    canonicalized_ast: 788aa6ed9834453ab20d76df5d64746132415db0ebb7e735705b8cf26027f258
    type_inferenced_ast: 44a9272b09cd9e727206f3c71519b65cf715c0112ddb6a9f6266aef4b19697a9
