---
namespace: Compile
expectation: Pass
outputs:
  - circuit:
      num_public_variables: 0
      num_private_variables: 450
      num_constraints: 450
      at: 727a62da382d54ee48e1eaad04438d0ce843428eb0f2f222bc0fdc0c75c73cb7
      bt: 60c00514054cf387d9be2f37b40925239d12da3b27682c82f92b31508c0c2088
      ct: 467faeb4d575ad768525a25623c3a3335253c2a0cf25674723e16e89c4673730
    ir:
      - "decl f0: <0>"
      - "  store &v1, ((v0), (), (), ())"
      - "  ge &v5, v2, v3"
      - "  eq &v6, v5, v4"
      - "  retn v6"
      - ""
    output:
      - input_file: i64_e.in
        output:
          registers:
            r0:
              type: bool
              value: "true"
      - input_file: i64_g.in
        output:
          registers:
            r0:
              type: bool
              value: "true"
    initial_ast: 592b951507b3dee9c5b3c893ae7e063240a80863927db27467fa71b52c26ebe5
    imports_resolved_ast: cc05bc7b9da8038db763fdafd76377853775506b18ff08e45bd46bb008d52305
    canonicalized_ast: cc05bc7b9da8038db763fdafd76377853775506b18ff08e45bd46bb008d52305
    type_inferenced_ast: d1b30095c91fa3b8b5a8f28131c8569fd2992306c236efb5740ac2da3542760b
