---
namespace: Compile
expectation: Pass
outputs:
  - circuit:
      num_public_variables: 0
      num_private_variables: 3
      num_constraints: 3
      at: 74affd242c169638ba2ba913cd2fa5d4070eef1055c7d8ac57dfb6d449d8fb14
      bt: fa4399093f64457849c38de4cad4cab3e1d90743e8be07d1b156b6088c5851ec
      ct: 5ae1625b488b3935122d8dd627fe575b388a5aa360378fa4407aad08baaed1e2
    ir:
      - "decl f0: <0>"
      - "  store &v2, ((v0, v1), (), (), ())"
      - "  store &v4, [1]"
      - "  call &v5, f1, [1]"
      - "  eq &v6, v3, true"
      - "  retn v6"
      - "decl f1: <7>"
      - ""
    output:
      - input_file: input/dummy.in
        output:
          registers:
            r0:
              type: bool
              value: "true"
    initial_ast: 2e023563cba20d21f38d21612f3cb0f7aca6665c2f417d47bbbe1e6baf7e31be
    imports_resolved_ast: 89162421fb783b349b76fdf3062a5fbf66870e1f251f508832b413449b87071e
    canonicalized_ast: a49280b65ae925b744c30f8dd4f1f7486cd72de0beecad47492f5a30bba4fc71
    type_inferenced_ast: 71901196a7e367ad288c91e8c4f2a4c7b252ea4955f21e0372a0cd31d5a18252
