---
namespace: Compile
expectation: Pass
outputs:
  - circuit:
      num_public_variables: 0
      num_private_variables: 3
      num_constraints: 3
      at: 74affd242c169638ba2ba913cd2fa5d4070eef1055c7d8ac57dfb6d449d8fb14
      bt: fa4399093f64457849c38de4cad4cab3e1d90743e8be07d1b156b6088c5851ec
      ct: 5ae1625b488b3935122d8dd627fe575b388a5aa360378fa4407aad08baaed1e2
    ir:
      - "decl f0: <0>"
      - "  store &v2, ((v0, v1), (), (), ())"
      - "  call &v4, f1"
      - "  eq &v5, v3, true"
      - "  retn v5"
      - "decl f1: <6>"
      - ""
    output:
      - input_file: input/dummy.in
        output:
          registers:
            r0:
              type: bool
              value: "true"
    initial_ast: 885f9d14f95cd5f91870210b375873578683ab796bbfc0aa1bb3a8b58c696c10
    imports_resolved_ast: 7689c59b829ae3a88ec6d288e4a66b8b0df37e63e7d13eedeff8a653ad1f29d2
    canonicalized_ast: 91e9806a4d7eb41ea170cc182a878ea04599107fee431babaa76da6ed7730877
    type_inferenced_ast: da488250ffc792f9815aa1f19ba7c49881871070874bbb503b399ed4f5b33374
