---
namespace: Compile
expectation: Pass
outputs:
  - circuit:
      num_public_variables: 0
      num_private_variables: 3
      num_constraints: 3
      at: 74affd242c169638ba2ba913cd2fa5d4070eef1055c7d8ac57dfb6d449d8fb14
      bt: fa4399093f64457849c38de4cad4cab3e1d90743e8be07d1b156b6088c5851ec
      ct: 5ae1625b488b3935122d8dd627fe575b388a5aa360378fa4407aad08baaed1e2
    ir:
      - "decl f0: <0>"
      - "  store &v2, ((v0, v1), (), (), ())"
      - "  call &v4, f1"
      - "  call &v5, f1"
      - "  and &v6, v4, v5"
      - "  store &v7, v6"
      - "  eq &v8, v7, true"
      - "  eq &v9, v8, v3"
      - "  retn v9"
      - "decl f1: <10>"
      - "  retn true"
      - ""
    output:
      - input_file: input/dummy.in
        output:
          registers:
            r0:
              type: bool
              value: "true"
    initial_ast: bf004e081d5e8448800083ee2781fbd22e759c21249fb7e9ec1ecdbfe6af39a8
    imports_resolved_ast: 639d04a2d78197cd8254250e1a38d0422c6d7a7c573c377cd24f920f36721ce1
    canonicalized_ast: 639d04a2d78197cd8254250e1a38d0422c6d7a7c573c377cd24f920f36721ce1
    type_inferenced_ast: b35321848a12c961afbd6d6ecc8248d14737566d466a67e21269361546f1a0d3
