---
namespace: Compile
expectation: Pass
outputs:
  - circuit:
      num_public_variables: 0
      num_private_variables: 2
      num_constraints: 2
      at: 401937c524c61a28b4fab76d7a1f85bb628850012af62362a0922610372faf92
      bt: cdf9a9cee4f2edf55111a95ae60bde9801080f6bde638a5c79273a39a2f9f7f5
      ct: 643d5437104296e21d906ecb15b2c96ad278f20cfc4af53b12bb6069bd853726
    ir:
      - "decl f0: <0>"
      - "  store &v1, ((v0), (), (), ())"
      - "  call &v3, f1"
      - "  eq &v4, v3, ['h', 'e', 'l', 'l', 'o']"
      - "  eq &v5, v2, v4"
      - "  retn v5"
      - "decl f1: <6>"
      - "  retn ['h', 'e', 'l', 'l', 'o']"
      - ""
    output:
      - input_file: input/dummy.in
        output:
          registers:
            r0:
              type: bool
              value: "true"
    initial_ast: 0176a2f7a8bf7a95e04efdad40ef5803bf739be36ff040315331278ccef26975
    imports_resolved_ast: 0da95cb9f074ccc4957c77ad4ec70c56d82fcf941353eece793113ecfce5b642
    canonicalized_ast: 255fac4756ab5eacf4692b45bd5b5606d48f874590a96d76a96de137c843d284
    type_inferenced_ast: fc6e37fcea0d157c510068d6ccdcb579516f787423c28b04eacf832a113a7231
